  Data.cpp
C:\Users\ivank\Desktop\4 курс\Курсовая\KursovayaNew\diplomnaya rabota\Data.cpp(154,28): warning C4244: =: преобразование "double" в "float", возможна потеря данных
C:\Program Files (x86)\Microsoft Visual Studio\2019\Community\VC\Tools\MSVC\14.29.30133\include\utility(186,16): warning C4244: инициализация: преобразование "double" в "_Ty1", возможна потеря данных
          with
          [
              _Ty1=int
          ]
C:\Users\ivank\Desktop\4 курс\Курсовая\KursovayaNew\diplomnaya rabota\Data.cpp(46): message : выполняется компиляция ссылки на экземпляр шаблон функции "std::pair<int,double>::pair<double&,double&,0>(_Other1,_Other2) noexcept"
          with
          [
              _Other1=double &,
              _Other2=double &
          ]
C:\Users\ivank\Desktop\4 курс\Курсовая\KursovayaNew\diplomnaya rabota\Data.cpp(46): message : выполняется компиляция ссылки на экземпляр шаблон функции "std::pair<int,double>::pair<double&,double&,0>(_Other1,_Other2) noexcept"
          with
          [
              _Other1=double &,
              _Other2=double &
          ]
  KursovayaNew.vcxproj -> C:\Users\ivank\Desktop\4 курс\Курсовая\KursovayaNew\diplomnaya rabota\x64\Debug\KursovayaNew.exe
